2024-03-15 08:02:11 INFO api-gateway Request received: GET /health
2024-03-15 08:02:12 INFO auth-service Token validated for user=alice
2024-03-15 08:02:13 INFO api-gateway Request received: POST /upload
2024-03-15 08:02:14 WARNING storage-service Disk usage above 80% on volume vol-0a1b2c3d
2024-03-15 08:02:15 INFO storage-service File uploaded: report_q1.pdf (2.3MB)
2024-03-15 08:02:16 ERROR auth-service JWT signature verification failed for token=eyJ...
2024-03-15 08:02:17 INFO api-gateway Request received: GET /users/42
2024-03-15 08:02:18 INFO db-service Query executed in 12ms: SELECT * FROM users WHERE id=42
2024-03-15 08:02:19 WARNING db-service Slow query detected (342ms): SELECT * FROM events WHERE date > '2024-01-01'
2024-03-15 08:02:20 INFO api-gateway Request received: DELETE /session/abc123
2024-03-15 08:02:21 INFO auth-service Session terminated: user=bob
2024-03-15 08:02:22 ERROR db-service Connection pool exhausted: max_connections=20 reached
2024-03-15 08:02:23 INFO api-gateway Request received: GET /metrics
2024-03-15 08:02:24 WARNING api-gateway Rate limit approaching for client_ip=203.0.113.42 (480/500 req/min)
2024-03-15 08:02:25 INFO storage-service File downloaded: invoice_2024.pdf by user=carol
2024-03-15 08:02:26 ERROR storage-service Failed to delete object s3://my-bucket/tmp/stale.log: AccessDenied
2024-03-15 08:02:27 INFO auth-service Token validated for user=carol
2024-03-15 08:02:28 INFO db-service Query executed in 8ms: SELECT COUNT(*) FROM logs
2024-03-15 08:02:29 WARNING auth-service Multiple failed login attempts for user=dave (5 attempts)
2024-03-15 08:02:30 INFO api-gateway Request received: POST /reports/generate
2024-03-15 08:02:31 ERROR api-gateway Upstream timeout after 30s: service=report-generator
2024-03-15 08:02:32 INFO db-service Transaction committed: 14 rows affected
2024-03-15 08:02:33 WARNING storage-service Multipart upload incomplete for key=backup_2024.tar.gz (idle 2h)
2024-03-15 08:02:34 INFO auth-service Password changed for user=alice
2024-03-15 08:02:35 ERROR db-service Deadlock detected between transactions tx=7821 and tx=7822
2024-03-15 08:02:36 INFO api-gateway Request received: GET /status
2024-03-15 08:02:37 INFO storage-service Bucket lifecycle policy applied: deleted 12 expired objects
2024-03-15 08:02:38 WARNING db-service Replication lag at 4.2s on replica db-replica-02
2024-03-15 08:02:39 INFO auth-service New user registered: user=eve
2024-03-15 08:02:40 ERROR auth-service OAuth callback received invalid state parameter — possible CSRF attempt